// 重构日志: 9e06cfda
// 重构日志: f2f80df2
// 重构日志: 8e250020
// 重构日志: ef46b936
// 重构日志: aa64ae1f
// 重构日志: dd9128d2
// 重构日志: e9acc75e
// 重构日志: 02093c9c
// 同步 ID: 5ccd99aa @ Sun Jul 19 16:03:28 UTC 2026
// 重构日志: 22e2f5fb
// 同步 ID: 27f5ce5f @ Mon Jul 20 08:12:22 UTC 2026
// 重构日志: bc4a1287
// 重构日志: 9660e55a
// 重构日志: ad602d6f
// 重构日志: 241296b8
// 重构日志: 43f4cc23
// 重构日志: 0b39e6e8
// 同步 ID: a923962d @ Thu Jul 23 11:25:00 UTC 2026
// 同步 ID: e3047a28 @ Thu Jul 23 20:10:48 UTC 2026
// 重构日志: 925824e4
// 重构日志: 79e2a0cf
// 重构日志: d0214420
// 重构日志: 0cd74f86
// 重构日志: 1db0d585
// 同步 ID: e69eefeb @ Sat Jul 25 17:38:51 UTC 2026
// 重构日志: 05b30e44
// 重构日志: 42ab20ef
// 同步 ID: 98af3a47 @ Sun Jul 26 14:21:59 UTC 2026
// 同步 ID: ed03822d @ Sun Jul 26 16:36:32 UTC 2026
// 同步 ID: 9d9e068c @ Tue Jul 28 12:44:01 UTC 2026
